Archive member included to satisfy reference by file (symbol)

/usr/bin/../lib/gcc/arm-none-eabi/7.3.1/thumb/v7-m/libgcc.a(_arm_addsubdf3.o)
                              mpu6050.o (__aeabi_dadd)
/usr/bin/../lib/gcc/arm-none-eabi/7.3.1/thumb/v7-m/libgcc.a(_arm_fixdfsi.o)
                              mpu6050.o (__aeabi_d2iz)
/usr/bin/../lib/gcc/arm-none-eabi/7.3.1/thumb/v7-m/libgcc.a(_arm_addsubsf3.o)
                              mpu6050.o (__aeabi_i2f)
/usr/bin/../lib/gcc/arm-none-eabi/7.3.1/thumb/v7-m/libgcc.a(_arm_muldivsf3.o)
                              mpu6050.o (__aeabi_fdiv)
/usr/bin/../lib/gcc/arm-none-eabi/7.3.1/thumb/v7-m/libgcc.a(_arm_fixsfsi.o)
                              mpu6050.o (__aeabi_f2iz)
/usr/bin/../lib/gcc/arm-none-eabi/7.3.1/thumb/v7-m/libgcc.a(_aeabi_uldivmod.o)
                              hwlib.o (__aeabi_uldivmod)
/usr/bin/../lib/gcc/arm-none-eabi/7.3.1/thumb/v7-m/libgcc.a(_udivmoddi4.o)
                              /usr/bin/../lib/gcc/arm-none-eabi/7.3.1/thumb/v7-m/libgcc.a(_aeabi_uldivmod.o) (__udivmoddi4)
/usr/bin/../lib/gcc/arm-none-eabi/7.3.1/thumb/v7-m/libgcc.a(_dvmd_tls.o)
                              /usr/bin/../lib/gcc/arm-none-eabi/7.3.1/thumb/v7-m/libgcc.a(_aeabi_uldivmod.o) (__aeabi_ldiv0)
/usr/bin/../lib/gcc/arm-none-eabi/7.3.1/../../../../arm-none-eabi/lib/thumb/v7-m/libc.a(lib_a-rand.o)
                              objects.o (rand)
/usr/bin/../lib/gcc/arm-none-eabi/7.3.1/../../../../arm-none-eabi/lib/thumb/v7-m/libc.a(lib_a-impure.o)
                              /usr/bin/../lib/gcc/arm-none-eabi/7.3.1/../../../../arm-none-eabi/lib/thumb/v7-m/libc.a(lib_a-rand.o) (_impure_ptr)

Allocating common symbols
Common symbol       size              file

__dso_handle        0x4               bmptk_cortex.o

Discarded input sections

 .group         0x0000000000000000        0x8 mpu6050.o
 .group         0x0000000000000000        0x8 mpu6050.o
 .group         0x0000000000000000        0x8 mpu6050.o
 .group         0x0000000000000000        0x8 mpu6050.o
 .group         0x0000000000000000        0x8 mpu6050.o
 .group         0x0000000000000000        0x8 mpu6050.o
 .group         0x0000000000000000        0xc mpu6050.o
 .text          0x0000000000000000        0x0 mpu6050.o
 .data          0x0000000000000000        0x0 mpu6050.o
 .bss           0x0000000000000000        0x0 mpu6050.o
 .text._ZN3due11ad_pin_infoENS_7ad_pinsE
                0x0000000000000000       0x1c mpu6050.o
 .text._ZN3due11ad_seq_infoEm
                0x0000000000000000       0x20 mpu6050.o
 .text._ZN5hwlib9uart_putcEc
                0x0000000000000000        0x4 mpu6050.o
 .text._ZN5hwlib19uart_char_availableEv
                0x0000000000000000        0x4 mpu6050.o
 .text._ZN5hwlib9uart_getcEv
                0x0000000000000000        0x4 mpu6050.o
 .text._ZN7mpu60507getTempEv
                0x0000000000000000       0xb8 mpu6050.o
 .rodata._ZZN3due11ad_pin_infoENS_7ad_pinsEE17ad_pin_info_array
                0x0000000000000000        0xc mpu6050.o
 .rodata._ZZN3due11ad_seq_infoEmE12ad_seq_array
                0x0000000000000000       0x70 mpu6050.o
 .group         0x0000000000000000        0x8 objects.o
 .group         0x0000000000000000        0x8 objects.o
 .group         0x0000000000000000        0x8 objects.o
 .group         0x0000000000000000        0x8 objects.o
 .group         0x0000000000000000        0x8 objects.o
 .group         0x0000000000000000        0x8 objects.o
 .group         0x0000000000000000        0x8 objects.o
 .group         0x0000000000000000        0xc objects.o
 .group         0x0000000000000000        0x8 objects.o
 .group         0x0000000000000000        0x8 objects.o
 .group         0x0000000000000000        0x8 objects.o
 .group         0x0000000000000000        0xc objects.o
 .group         0x0000000000000000        0xc objects.o
 .group         0x0000000000000000        0x8 objects.o
 .group         0x0000000000000000        0xc objects.o
 .group         0x0000000000000000        0xc objects.o
 .group         0x0000000000000000        0xc objects.o
 .group         0x0000000000000000        0xc objects.o
 .group         0x0000000000000000        0xc objects.o
 .group         0x0000000000000000        0xc objects.o
 .group         0x0000000000000000        0xc objects.o
 .group         0x0000000000000000        0xc objects.o
 .text          0x0000000000000000        0x0 objects.o
 .data          0x0000000000000000        0x0 objects.o
 .bss           0x0000000000000000        0x0 objects.o
 .text._ZN5hwlib8terminal25cursor_set_implementationENS_2xyE
                0x0000000000000000        0xc objects.o
 .text._ZN5hwlib8terminal5flushEv
                0x0000000000000000        0x2 objects.o
 .text._ZN5hwlib8terminal5clearEv
                0x0000000000000000       0x50 objects.o
 .text._ZN6sam3xa10SystemInitEv
                0x0000000000000000       0x7c objects.o
 .text._ZN3due8pin_infoENS_4pinsE
                0x0000000000000000       0x20 objects.o
[...]
Memory Configuration

Name             Origin             Length             Attributes
rom              0x0000000000000000 0x0000000000080000 xr
ram              0x0000000020000000 0x0000000000018000 xrw
nul              0x0000000020018000 0x0000000000000000 xrw
*default*        0x0000000000000000 0xffffffffffffffff

Linker script and memory map

LOAD /usr/bin/../lib/gcc/arm-none-eabi/7.3.1/thumb/v7-m/libgcc.a
LOAD mpu6050.o
LOAD objects.o
LOAD hwlib.o
LOAD main.o
LOAD bmptk_cortex.o
LOAD bmptk_heap_none.o
LOAD bmptk_fixed_size_stack.o
LOAD /usr/bin/../lib/gcc/arm-none-eabi/7.3.1/../../../../arm-none-eabi/lib/thumb/v7-m/libm.a
LOAD /usr/bin/../lib/gcc/arm-none-eabi/7.3.1/thumb/v7-m/libgcc.a
LOAD /usr/bin/../lib/gcc/arm-none-eabi/7.3.1/../../../../arm-none-eabi/lib/thumb/v7-m/libc.a
                0x0000000000000000                __rom_start = ORIGIN (rom)
                0x0000000000080000                __rom_size = LENGTH (rom)
                0x0000000000080000                __rom_end = (__rom_start + __rom_size)
                0x0000000020000000                __ram_start = ORIGIN (ram)
                0x0000000000018000                __ram_size = LENGTH (ram)
                0x0000000020018000                __ram_end = (__ram_start + __ram_size)
                [!provide]                        PROVIDE (__rom_start = __rom_start)
                [!provide]                        PROVIDE (__rom_size = __rom_size)
                [!provide]                        PROVIDE (__rom_end = __rom_end)
                [!provide]                        PROVIDE (__ram_start = __ram_start)
                [!provide]                        PROVIDE (__ram_size = __ram_size)
                [!provide]                        PROVIDE (__ram_end = __ram_end)

.text           0x0000000000000000     0x2e8c
                0x0000000000000000                . = ALIGN (0x4)
                0x0000000000000000                __text_start = .
                [!provide]                        PROVIDE (__text_start = __text_start)
                0x0000000000000000                . = ALIGN (0x4)
 *(.vectors)
 .vectors       0x0000000000000000       0x20 bmptk_cortex.o
                0x0000000000000000                __vectors
                0x0000000000000020                . = ALIGN (0x4)
 *(.text .text.* .gnu.linkonce.t.*)
 .text._ZN5hwlib21i2c_write_transaction5writeEPKhj
                0x0000000000000020        0x8 mpu6050.o
                0x0000000000000020                hwlib::i2c_write_transaction::write(unsigned char const*, unsigned int)
 .text._ZN5hwlib21i2c_write_transactionD2Ev
                0x0000000000000028       0x18 mpu6050.o
                0x0000000000000028                hwlib::i2c_write_transaction::~i2c_write_transaction()
                0x0000000000000028                hwlib::i2c_write_transaction::~i2c_write_transaction()
 .text._ZN5hwlib20i2c_read_transactionC2ERNS_14i2c_primitivesEj
                0x0000000000000040       0x32 mpu6050.o
                0x0000000000000040                hwlib::i2c_read_transaction::i2c_read_transaction(hwlib::i2c_primitives&, unsigned int)
                0x0000000000000040                hwlib::i2c_read_transaction::i2c_read_transaction(hwlib::i2c_primitives&, unsigned int)
 .text._ZN5hwlib20i2c_read_transaction4readEPhj
                0x0000000000000072       0x18 mpu6050.o
                0x0000000000000072                hwlib::i2c_read_transaction::read(unsigned char*, unsigned int)
 .text._ZN5hwlib20i2c_read_transactionD2Ev
                0x000000000000008a       0x10 mpu6050.o
                0x000000000000008a                hwlib::i2c_read_transaction::~i2c_read_transaction()
                0x000000000000008a                hwlib::i2c_read_transaction::~i2c_read_transaction()
 .text._ZN5hwlib7i2c_bus5writeEj
                0x000000000000009a       0x24 mpu6050.o
                0x000000000000009a                hwlib::i2c_bus::write(unsigned int)
 *fill*         0x00000000000000be        0x2 
 .text._ZN6sam3xa10SystemInitEv
                0x00000000000000c0       0x7c mpu6050.o
                0x00000000000000c0                sam3xa::SystemInit()
 .text._ZN3due8pin_infoENS_4pinsE
                0x000000000000013c       0x20 mpu6050.o
                0x000000000000013c                due::pin_info(due::pins)
 .text._ZN3due14port_registersEm
                0x000000000000015c       0x54 mpu6050.o
                0x000000000000015c                due::port_registers(unsigned long)
 .text._ZN3due12ticks_per_usEv
                0x00000000000001b0        0x6 mpu6050.o
                0x00000000000001b0                due::ticks_per_us()
 *fill*         0x00000000000001b6        0x2 
 .text._ZN3due9now_ticksEv
                0x00000000000001b8       0x80 mpu6050.o
                0x00000000000001b8                due::now_ticks()
 .text._ZN7mpu60508activateEv
                0x0000000000000238       0x28 mpu6050.o
                0x0000000000000238                mpu6050::activate()
 .text._ZN7mpu605014setSensitivityERKhS1_
                0x0000000000000260      0x130 mpu6050.o
                0x0000000000000260                mpu6050::setSensitivity(unsigned char const&, unsigned char const&)
 .text._ZN7mpu60509getAccelXEv
                0x0000000000000390       0xa0 mpu6050.o
                0x0000000000000390                mpu6050::getAccelX()
 .text._ZN7mpu60509getAccelYEv
                0x0000000000000430       0xa0 mpu6050.o
                0x0000000000000430                mpu6050::getAccelY()
 .text._ZN7mpu60509getAccelZEv
                0x00000000000004d0       0xa0 mpu6050.o
                0x00000000000004d0                mpu6050::getAccelZ()
 .text._ZN7mpu60508getGyroXEv
                0x0000000000000570       0xa8 mpu6050.o
                0x0000000000000570                mpu6050::getGyroX()
 .text._ZN7mpu60508getGyroYEv
                0x0000000000000618       0xa8 mpu6050.o
                0x0000000000000618                mpu6050::getGyroY()
 .text._ZN7mpu60508getGyroZEv
                0x00000000000006c0       0xa8 mpu6050.o
                0x00000000000006c0                mpu6050::getGyroZ()
 .text._ZN7mpu60509calibrateEv
                0x0000000000000768       0x34 mpu6050.o
                0x0000000000000768                mpu6050::calibrate()
 .text._ZN5hwlib8terminal10cursor_setENS_2xyE
                0x000000000000079c       0x28 objects.o
                0x000000000000079c                hwlib::terminal::cursor_set(hwlib::xy)
 .text._ZN5hwlib13terminal_from25cursor_set_implementationENS_2xyE
                0x00000000000007c4       0x28 objects.o
                0x00000000000007c4                hwlib::terminal_from::cursor_set_implementation(hwlib::xy)
 .text._ZN5hwlib13terminal_from5clearEv
                0x00000000000007ec       0x28 objects.o
                0x00000000000007ec                hwlib::terminal_from::clear()
 .text._ZN5hwlib13terminal_from5flushEv
                0x0000000000000814        0x8 objects.o
                0x0000000000000814                hwlib::terminal_from::flush()
 .text._ZNK5hwlib16font_default_8x8ixEc
                0x000000000000081c       0x14 objects.o
                0x000000000000081c                hwlib::font_default_8x8::operator[](char) const
 .text._ZN3car8interactERS_
                0x0000000000000830        0x2 objects.o
                0x0000000000000830                car::interact(car&)
 .text._ZN6player6updateER7mpu6050
                0x0000000000000832       0x34 objects.o
                0x0000000000000832                player::update(mpu6050&)
 .text._ZN3car6updateER7mpu6050
                0x0000000000000866       0x3c objects.o
                0x0000000000000866                car::update(mpu6050&)
 .text._ZN5hwlib8terminal4putcEc
                0x00000000000008a2       0xde objects.o
                0x00000000000008a2                hwlib::terminal::putc(char)
 .text._ZN5hwlib7ostream6fillerEi
                0x0000000000000980       0x1a objects.o
                0x0000000000000980                hwlib::ostream::filler(int)
 .text._ZN5hwliblsERNS_7ostreamEPKc
                0x000000000000099a       0x54 objects.o
                0x000000000000099a                hwlib::operator<<(hwlib::ostream&, char const*)
 .text._ZN5hwliblsERNS_7ostreamEi
                0x00000000000009ee       0xce objects.o
                0x00000000000009ee                hwlib::operator<<(hwlib::ostream&, int)
 .text._ZN5hwlib6window5writeENS_2xyENS_5colorE
                0x0000000000000abc       0x3e objects.o
                0x0000000000000abc                hwlib::window::write(hwlib::xy, hwlib::color)
 .text._ZN5hwlib4line4drawERNS_6windowE
                0x0000000000000afa       0xb4 objects.o
                0x0000000000000afa                hwlib::line::draw(hwlib::window&)
 *fill*         0x0000000000000bae        0x2 
 .text._ZN3car4drawEv
                0x0000000000000bb0       0x80 objects.o
                0x0000000000000bb0                car::draw()
 .text._ZN6player4drawEv
                0x0000000000000c30       0x7c objects.o
                0x0000000000000c30                player::draw()
 .text._ZN5hwlib6window5writeENS_2xyERKNS_5imageE
                0x0000000000000cac       0x88 objects.o
                0x0000000000000cac                hwlib::window::write(hwlib::xy, hwlib::image const&)
 .text._ZN5hwlib13terminal_from19putc_implementationEc
                0x0000000000000d34       0x2e objects.o
                0x0000000000000d34                hwlib::terminal_from::putc_implementation(char)
 *fill*         0x0000000000000d62        0x2 
 .text._ZN5hwlib13terminal_fromC2ERNS_6windowERKNS_4fontE
                0x0000000000000d64       0x58 objects.o
                0x0000000000000d64                hwlib::terminal_from::terminal_from(hwlib::window&, hwlib::font const&)
                0x0000000000000d64                hwlib::terminal_from::terminal_from(hwlib::window&, hwlib::font const&)
 .text._ZN3car6withinEiii
                0x0000000000000dbc       0x20 objects.o
                0x0000000000000dbc                car::within(int, int, int)
 .text._ZN3car8overlapsERS_
                0x0000000000000ddc       0x76 objects.o
                0x0000000000000ddc                car::overlaps(car&)
 .text._ZN3car11setLocationERKN5hwlib2xyE
                0x0000000000000e52       0x24 objects.o
                0x0000000000000e52                car::setLocation(hwlib::xy const&)
 *fill*         0x0000000000000e76        0x2 
 .text._ZN6player8interactER3car
                0x0000000000000e78       0xe8 objects.o
                0x0000000000000e78                player::interact(car&)
 .text._ZN6player8getLivesEv
                0x0000000000000f60        0x4 objects.o
                0x0000000000000f60                player::getLives()
 .text._ZN6player8setLivesERKi
                0x0000000000000f64        0xc objects.o
                0x0000000000000f64                player::setLives(int const&)
 .text._ZN5lines4drawEv
                0x0000000000000f70       0xb4 objects.o
                0x0000000000000f70                lines::draw()
 .text._ZN5lines6updateEv
                0x0000000000001024       0x24 objects.o
                0x0000000000001024                lines::update()
 .text._ZNK5hwlib14image_invert_t18get_implementationENS_2xyE
                0x0000000000001048       0x8a hwlib.o
                0x0000000000001048                hwlib::image_invert_t::get_implementation(hwlib::xy) const
 *fill*         0x00000000000010d2        0x2 
 .text._ZNK5hwlib9image_8x818get_implementationENS_2xyE
                0x00000000000010d4       0x44 hwlib.o
                0x00000000000010d4                hwlib::image_8x8::get_implementation(hwlib::xy) const
 .text._ZN5hwlib5panicEPKcj
                0x0000000000001118        0x2 hwlib.o
                0x0000000000001118                hwlib::panic(char const*, unsigned int)
 .text._ZN5hwlib3allENS_2xyE
                0x000000000000111a       0x16 hwlib.o
                0x000000000000111a                hwlib::all(hwlib::xy)
 .text._ZN5hwlib6invertERKNS_5imageE
                0x0000000000001130       0x18 hwlib.o
                0x0000000000001130                hwlib::invert(hwlib::image const&)
 .text._ZN5hwlib6now_usEv
                0x0000000000001148       0x1c hwlib.o
                0x0000000000001148                hwlib::now_us()
 .text._ZN5hwlib12wait_us_busyEi
                0x0000000000001164       0x1c hwlib.o
                0x0000000000001164                hwlib::wait_us_busy(int)
 .text._ZN5hwlib7wait_usEi
                0x0000000000001180        0x8 hwlib.o
                0x0000000000001180                hwlib::wait_us(int)
 .text._ZN5hwlib12wait_ms_busyEi
                0x0000000000001188       0x16 hwlib.o
                0x0000000000001188                hwlib::wait_ms_busy(int)
 .text._ZN5hwlib7wait_msEi
                0x000000000000119e        0x8 hwlib.o
                0x000000000000119e                hwlib::wait_ms(int)
 .text._ZN5hwlib14i2c_primitives8read_ackEv
                0x00000000000011a6       0x10 main.o
                0x00000000000011a6                hwlib::i2c_primitives::read_ack()
 .text._ZN5hwlib14i2c_primitives9write_ackEv
                0x00000000000011b6        0x8 main.o
                0x00000000000011b6                hwlib::i2c_primitives::write_ack()
 .text._ZN5hwlib14i2c_primitives10write_nackEv
                0x00000000000011be        0x8 main.o
                0x00000000000011be                hwlib::i2c_primitives::write_nack()
 .text._ZN5hwlib14i2c_primitives5writeEh
                0x00000000000011c6       0x1c main.o
                0x00000000000011c6                hwlib::i2c_primitives::write(unsigned char)
 .text._ZN5hwlib14i2c_primitives5writeEPKhj
                0x00000000000011e2       0x24 main.o
                0x00000000000011e2                hwlib::i2c_primitives::write(unsigned char const*, unsigned int)
 .text._ZN5hwlib14i2c_primitives9read_byteEv
                0x0000000000001206       0x20 main.o
                0x0000000000001206                hwlib::i2c_primitives::read_byte()
 .text._ZN5hwlib14i2c_primitives4readEbPhj
                0x0000000000001226       0x36 main.o
                0x0000000000001226                hwlib::i2c_primitives::read(bool, unsigned char*, unsigned int)
 .text._ZN5hwlib29glcd_oled_i2c_128x64_buffered20write_implementationENS_2xyENS_5colorE
                0x000000000000125c       0x64 main.o
                0x000000000000125c                hwlib::glcd_oled_i2c_128x64_buffered::write_implementation(hwlib::xy, hwlib::color)
 .text._ZN3due6pin_oc4readEv
                0x00000000000012c0       0x10 main.o
                0x00000000000012c0                due::pin_oc::read()
 .text._ZN3due6pin_oc5writeEb
                0x00000000000012d0       0x10 main.o
                0x00000000000012d0                due::pin_oc::write(bool)
 .text._ZN3due6pin_oc5flushEv
                0x00000000000012e0        0x2 main.o
                0x00000000000012e0                due::pin_oc::flush()
 .text._ZN3due6pin_oc7refreshEv
                0x00000000000012e2        0x2 main.o
                0x00000000000012e2                due::pin_oc::refresh()
 .text._ZN5hwlib26i2c_bus_bit_banged_scl_sda16wait_half_periodEv.isra.3
                0x00000000000012e4        0x6 main.o
 .text._ZN5hwlib26i2c_bus_bit_banged_scl_sda10write_stopEv
                0x00000000000012ea       0x60 main.o
                0x00000000000012ea                hwlib::i2c_bus_bit_banged_scl_sda::write_stop()
 .text._ZN5hwlib26i2c_bus_bit_banged_scl_sda11write_startEv
                0x000000000000134a       0x34 main.o
                0x000000000000134a                hwlib::i2c_bus_bit_banged_scl_sda::write_start()
 .text._ZN5hwlib26i2c_bus_bit_banged_scl_sda8read_bitEv
                0x000000000000137e       0x68 main.o
                0x000000000000137e                hwlib::i2c_bus_bit_banged_scl_sda::read_bit()
 .text._ZN5hwlib26i2c_bus_bit_banged_scl_sda9write_bitEb
                0x00000000000013e6       0x52 main.o
                0x00000000000013e6                hwlib::i2c_bus_bit_banged_scl_sda::write_bit(bool)
 .text._ZN5hwlib13xy_iterator_tppEv
                0x0000000000001438       0x18 main.o
                0x0000000000001438                hwlib::xy_iterator_t::operator++()
 .text._ZN5hwlib21i2c_write_transactionC2ERNS_14i2c_primitivesEj
                0x0000000000001450       0x24 main.o
                0x0000000000001450                hwlib::i2c_write_transaction::i2c_write_transaction(hwlib::i2c_primitives&, unsigned int)
                0x0000000000001450                hwlib::i2c_write_transaction::i2c_write_transaction(hwlib::i2c_primitives&, unsigned int)
 .text._ZN5hwlib6window5clearENS_5colorE
                0x0000000000001474       0x50 main.o
                0x0000000000001474                hwlib::window::clear(hwlib::color)
 .text._ZN5hwlib6window5clearEv
                0x00000000000014c4       0x4e main.o
                0x00000000000014c4                hwlib::window::clear()
 .text._ZN5hwlib11ssd1306_i2c7commandENS_16ssd1306_commandsEhh
                0x0000000000001512       0x3c main.o
                0x0000000000001512                hwlib::ssd1306_i2c::command(hwlib::ssd1306_commands, unsigned char, unsigned char)
 .text._ZN5hwlib29glcd_oled_i2c_128x64_buffered5flushEv
                0x000000000000154e       0x58 main.o
                0x000000000000154e                hwlib::glcd_oled_i2c_128x64_buffered::flush()
 *fill*         0x00000000000015a6        0x2 
 .text._ZN3due6pin_ocC2ENS_4pinsE
                0x00000000000015a8       0x34 main.o
                0x00000000000015a8                due::pin_oc::pin_oc(due::pins)
                0x00000000000015a8                due::pin_oc::pin_oc(due::pins)
 .text._ZN5linesC2ERN5hwlib6windowENS0_2xyES3_
                0x00000000000015dc       0x3c main.o
                0x00000000000015dc                lines::lines(hwlib::window&, hwlib::xy, hwlib::xy)
                0x00000000000015dc                lines::lines(hwlib::window&, hwlib::xy, hwlib::xy)
 .text.startup.main
                0x0000000000001618      0x3a4 main.o
                0x0000000000001618                main
 .text.__startup
                0x00000000000019bc       0x48 bmptk_cortex.o
                0x00000000000019bc                __startup
 .text          0x0000000000001a04      0x21c /usr/bin/../lib/gcc/arm-none-eabi/7.3.1/thumb/v7-m/libgcc.a(_arm_addsubsf3.o)
                0x0000000000001a04                __aeabi_frsub
                0x0000000000001a0c                __subsf3
                0x0000000000001a0c                __aeabi_fsub
                0x0000000000001a10                __aeabi_fadd
                0x0000000000001a10                __addsf3
                0x0000000000001b70                __aeabi_ui2f
                0x0000000000001b70                __floatunsisf
                0x0000000000001b78                __aeabi_i2f
                0x0000000000001b78                __floatsisf
                0x0000000000001b94                __floatundisf
                0x0000000000001b94                __aeabi_ul2f
                0x0000000000001ba4                __floatdisf
                0x0000000000001ba4                __aeabi_l2f
 .text          0x0000000000001c20      0x2a0 /usr/bin/../lib/gcc/arm-none-eabi/7.3.1/thumb/v7-m/libgcc.a(_arm_muldivsf3.o)
                0x0000000000001c20                __mulsf3
                0x0000000000001c20                __aeabi_fmul
                0x0000000000001d88                __divsf3
                0x0000000000001d88                __aeabi_fdiv
 .text          0x0000000000001ec0       0x4c /usr/bin/../lib/gcc/arm-none-eabi/7.3.1/thumb/v7-m/libgcc.a(_arm_fixsfsi.o)
                0x0000000000001ec0                __fixsfsi
                0x0000000000001ec0                __aeabi_f2iz
 .text          0x0000000000001f0c       0x30 /usr/bin/../lib/gcc/arm-none-eabi/7.3.1/thumb/v7-m/libgcc.a(_aeabi_uldivmod.o)
                0x0000000000001f0c                __aeabi_uldivmod
 .text          0x0000000000001f3c      0x2d0 /usr/bin/../lib/gcc/arm-none-eabi/7.3.1/thumb/v7-m/libgcc.a(_udivmoddi4.o)
                0x0000000000001f3c                __udivmoddi4
 .text          0x000000000000220c        0x4 /usr/bin/../lib/gcc/arm-none-eabi/7.3.1/thumb/v7-m/libgcc.a(_dvmd_tls.o)
                0x000000000000220c                __aeabi_ldiv0
 .text.rand     0x0000000000002210       0x3c /usr/bin/../lib/gcc/arm-none-eabi/7.3.1/../../../../arm-none-eabi/lib/thumb/v7-m/libc.a(lib_a-rand.o)
                0x0000000000002210                rand
                0x000000000000224c                . = ALIGN (0x4)
 *(.glue_7t .glue_7)
 .glue_7        0x000000000000224c        0x0 linker stubs
 .glue_7t       0x000000000000224c        0x0 linker stubs
                0x000000000000224c                . = ALIGN (0x4)
 *(.rodata .rodata.* .gnu.linkonce.r.*)
 .rodata._ZN3due8pin_infoENS_4pinsE.str1.1
                0x000000000000224c       0x37 mpu6050.o
 .rodata._ZZN3due8pin_infoENS_4pinsEE14pin_info_array
                0x0000000000002283       0xa4 mpu6050.o
 *fill*         0x0000000000002327        0x1 
 .rodata._ZTVN5hwlib4lineE
                0x0000000000002328        0xc objects.o
                0x0000000000002328                vtable for hwlib::line
 .rodata._ZTVN5hwlib13terminal_fromE
                0x0000000000002334       0x20 objects.o
                0x0000000000002334                vtable for hwlib::terminal_from
 .rodata._ZTVN5hwlib16font_default_8x8E
                0x0000000000002354        0xc objects.o
                0x0000000000002354                vtable for hwlib::font_default_8x8
 .rodata._ZN6player8interactER3car.str1.1
                0x0000000000002360       0x1b objects.o
 *fill*         0x000000000000237b        0x1 
 .rodata._ZTV3car
                0x000000000000237c       0x14 objects.o
                0x000000000000237c                vtable for car
 .rodata._ZTV6player
                0x0000000000002390       0x14 objects.o
                0x0000000000002390                vtable for player
 .rodata._ZTVN5hwlib14image_invert_tE
                0x00000000000023a4        0xc hwlib.o
                0x00000000000023a4                vtable for hwlib::image_invert_t
 .rodata._ZTVN5hwlib9image_8x8E
                0x00000000000023b0        0xc hwlib.o
                0x00000000000023b0                vtable for hwlib::image_8x8
 .rodata._ZN5hwlib16font_default_8x86imagesE
                0x00000000000023bc      0xa00 hwlib.o
                0x00000000000023bc                hwlib::font_default_8x8::images
 .rodata._ZN5hwlibL5blackE
                0x0000000000002dbc        0x4 hwlib.o
 .rodata._ZN5hwlibL5whiteE
                0x0000000000002dc0        0x4 hwlib.o
 .rodata._ZTVN5hwlib26i2c_bus_bit_banged_scl_sdaE
                0x0000000000002dc4       0x34 main.o
                0x0000000000002dc4                vtable for hwlib::i2c_bus_bit_banged_scl_sda
 .rodata._ZTVN5hwlib29glcd_oled_i2c_128x64_bufferedE
                0x0000000000002df8       0x18 main.o
                0x0000000000002df8                vtable for hwlib::glcd_oled_i2c_128x64_buffered
 .rodata._ZTVN3due6pin_ocE
                0x0000000000002e10       0x18 main.o
                0x0000000000002e10                vtable for due::pin_oc
 .rodata._ZN5hwlibL22ssd1306_initializationE
                0x0000000000002e28       0x29 main.o
 .rodata.main.str1.1
                0x0000000000002e51       0x3a main.o
                                         0x3c (size before relaxing)
                0x0000000000002e8c                . = ALIGN (0x4)
 *fill*         0x0000000000002e8b        0x1 
 *(.ARM.extab* .gnu.linkonce.armextab.*)
                0x0000000000002e8c                . = ALIGN (0x4)
 *(.gcc_except_table)
                0x0000000000002e8c                . = ALIGN (0x4)
 *(.eh_frame_hdr)
                0x0000000000002e8c                . = ALIGN (0x4)
 *(.eh_frame)
                0x0000000000002e8c                . = ALIGN (0x4)
                0x0000000000002e8c                __text_end = .
                [!provide]                        PROVIDE (__text_end = __text_end)

.vfp11_veneer   0x0000000000002e8c        0x0
 .vfp11_veneer  0x0000000000002e8c        0x0 linker stubs

.v4_bx          0x0000000000002e8c        0x0
 .v4_bx         0x0000000000002e8c        0x0 linker stubs

.iplt           0x0000000000002e8c        0x0
 .iplt          0x0000000000002e8c        0x0 mpu6050.o

.IF_YOU_SEE_THIS_YOU_HAVE_ONE_OR_MORE_GLOBAL_OBJECT_CONSTRUCTORS
 *(.init)
 *(.preinit_array)
 *(SORT_BY_NAME(.init_array.*))
 *(.init_array)
                0x0000000000002e8c                . = ALIGN (0x4)
                0x0000000000002e8c                __exidx_start = .
                [!provide]                        PROVIDE (__exidx_start = __exidx_start)

.ARM.exidx      0x0000000000002e8c        0x8
 *(.ARM.exidx* .gnu.linkonce.armexidx.*)
 .ARM.exidx     0x0000000000002e8c        0x8 /usr/bin/../lib/gcc/arm-none-eabi/7.3.1/thumb/v7-m/libgcc.a(_udivmoddi4.o)

.rel.dyn        0x0000000000002e94        0x0
 .rel.iplt      0x0000000000002e94        0x0 mpu6050.o
                0x0000000000002e94                . = ALIGN (0x4)
                0x0000000000002e94                __exidx_end = .
                [!provide]                        PROVIDE (__exidx_end = __exidx_end)

.bss            0x0000000020000000    0x12010
                0x0000000020000000                . = ALIGN (0x4)
                0x0000000020000000                __stack_start = .
                [!provide]                        PROVIDE (__stack_start = __stack_start)
                0x0000000020000000                . = ALIGN (0x4)
 *(.bmptk_stack)
 .bmptk_stack   0x0000000020000000    0x12000 bmptk_fixed_size_stack.o
                0x0000000020000000                bmptk_stack
                0x0000000020012000                . = ALIGN (0x8)
                0x0000000020012000                __main_stack_end = .
                [!provide]                        PROVIDE (__main_stack_end = __main_stack_end)
                0x0000000020012000                . = ALIGN (0x4)
                0x0000000020012000                __stack_end = .
                [!provide]                        PROVIDE (__stack_end = __stack_end)
                0x0000000020012000                . = ALIGN (0x4)
                0x0000000020012000                __bss_start = .
                [!provide]                        PROVIDE (__bss_start = __bss_start)
                0x0000000020012000                . = ALIGN (0x4)
 *(.bss .bss.* .gnu.linkonce.b.*)
 .bss._ZZN3due9now_ticksEvE4high
                0x0000000020012000        0x8 mpu6050.o
 .bss._ZZN3due9now_ticksEvE8last_low
                0x0000000020012008        0x4 mpu6050.o
 .bss._ZZN3due9now_ticksEvE9init_done
                0x000000002001200c        0x1 mpu6050.o
                0x0000000020012010                . = ALIGN (0x4)
 *fill*         0x000000002001200d        0x3 
 *(COMMON)
                0x0000000020012010                . = ALIGN (0x4)
                0x0000000020012010                __bss_end = .
                [!provide]                        PROVIDE (__bss_end = __bss_end)

.data           0x0000000020012010      0x430 load address 0x0000000000002e94
                0x0000000020012010                . = ALIGN (0x4)
                0x0000000000002e94                __data_init_start = LOADADDR (.data)
                [!provide]                        PROVIDE (__data_init_start = __data_init_start)
                0x0000000020012010                __data_start = .
                [!provide]                        PROVIDE (__data_start = __data_start)
                0x0000000020012010                . = ALIGN (0x4)
 *(.data .data.* .gnu.linkonce.d.*)
 .data._ZN6sam3xa15SystemCoreClockE
                0x0000000020012010        0x4 mpu6050.o
                0x0000000020012010                sam3xa::SystemCoreClock
 .data._impure_ptr
                0x0000000020012014        0x4 /usr/bin/../lib/gcc/arm-none-eabi/7.3.1/../../../../arm-none-eabi/lib/thumb/v7-m/libc.a(lib_a-impure.o)
                0x0000000020012014                _impure_ptr
 .data.impure_data
                0x0000000020012018      0x428 /usr/bin/../lib/gcc/arm-none-eabi/7.3.1/../../../../arm-none-eabi/lib/thumb/v7-m/libc.a(lib_a-impure.o)
                0x0000000020012440                . = ALIGN (0x4)
                0x0000000020012440                __data_end = .
                [!provide]                        PROVIDE (__data_end = __data_end)
                0x0000000000002e94                __data_init_end = LOADADDR (.data)
                [!provide]                        PROVIDE (__data_init_end = __data_init_end)
                [!provide]                        PROVIDE (__data_size = (__data_end - __data_start))
                [!provide]                        PROVIDE (__data_init_size = __data_size)
                [!provide]                        PROVIDE (__data_init_end = (__data_init_start + __data_init_size))

.igot.plt       0x0000000020012440        0x0 load address 0x00000000000032c4
 .igot.plt      0x0000000020012440        0x0 mpu6050.o
                0x0000000020012440                . = ALIGN (0x4)
                0x0000000020012440                __heap_start = .
                [!provide]                        PROVIDE (__heap_start = __heap_start)
                0x0000000020012440                . = ALIGN (0x4)
                0x0000000020018000                __heap_end = __ram_end
                [!provide]                        PROVIDE (__heap_end = __heap_end)

.stab
 *(.stab)

.stabstr
 *(.stabstr)

.debug
 *(.debug)

.line
 *(.line)

.debug_srcinfo
 *(.debug_srcinfo)

.debug_sfnames
 *(.debug_sfnames)

.debug_aranges
 *(.debug_aranges)

.debug_pubnames
 *(.debug_pubnames)

.debug_info
 *(.debug_info .gnu.linkonce.wi.*)

.debug_abbrev
 *(.debug_abbrev)

.debug_line
 *(.debug_line)

.debug_frame    0x0000000000000000      0x144
 *(.debug_frame)
 .debug_frame   0x0000000000000000       0x4c /usr/bin/../lib/gcc/arm-none-eabi/7.3.1/thumb/v7-m/libgcc.a(_arm_addsubsf3.o)
 .debug_frame   0x000000000000004c       0x38 /usr/bin/../lib/gcc/arm-none-eabi/7.3.1/thumb/v7-m/libgcc.a(_arm_muldivsf3.o)
 .debug_frame   0x0000000000000084       0x24 /usr/bin/../lib/gcc/arm-none-eabi/7.3.1/thumb/v7-m/libgcc.a(_arm_fixsfsi.o)
 .debug_frame   0x00000000000000a8       0x2c /usr/bin/../lib/gcc/arm-none-eabi/7.3.1/thumb/v7-m/libgcc.a(_aeabi_uldivmod.o)
 .debug_frame   0x00000000000000d4       0x34 /usr/bin/../lib/gcc/arm-none-eabi/7.3.1/thumb/v7-m/libgcc.a(_udivmoddi4.o)
 .debug_frame   0x0000000000000108       0x3c /usr/bin/../lib/gcc/arm-none-eabi/7.3.1/../../../../arm-none-eabi/lib/thumb/v7-m/libc.a(lib_a-rand.o)

.comment        0x0000000000000000       0x7f
 .comment       0x0000000000000000       0x7f mpu6050.o
                                         0x80 (size before relaxing)
 .comment       0x000000000000007f       0x80 objects.o
 .comment       0x000000000000007f       0x80 hwlib.o
 .comment       0x000000000000007f       0x80 main.o
 .comment       0x000000000000007f       0x80 bmptk_cortex.o
 .comment       0x000000000000007f       0x80 bmptk_fixed_size_stack.o

.debug_str
 *(.debug_str)

.debug_loc
 *(.debug_loc)

.debug_macinfo
 *(.debug_macinfo)

.debug_weaknames
 *(.debug_weaknames)

.debug_funcnames
 *(.debug_funcnames)

.debug_typenames
 *(.debug_typenames)

.debug_varnames
 *(.debug_varnames)

.note.gnu.arm.ident
 *(.note.gnu.arm.ident)

.ARM.attributes
                0x0000000000000000       0x33
 *(.ARM.attributes)
 .ARM.attributes
                0x0000000000000000       0x33 mpu6050.o
 .ARM.attributes
                0x0000000000000033       0x33 objects.o
 .ARM.attributes
                0x0000000000000066       0x33 hwlib.o
 .ARM.attributes
                0x0000000000000099       0x33 main.o
 .ARM.attributes
                0x00000000000000cc       0x33 bmptk_cortex.o
 .ARM.attributes
                0x00000000000000ff       0x33 bmptk_heap_none.o
 .ARM.attributes
                0x0000000000000132       0x33 bmptk_fixed_size_stack.o
 .ARM.attributes
                0x0000000000000165       0x1d /usr/bin/../lib/gcc/arm-none-eabi/7.3.1/thumb/v7-m/libgcc.a(_arm_addsubdf3.o)
 .ARM.attributes
                0x0000000000000182       0x1d /usr/bin/../lib/gcc/arm-none-eabi/7.3.1/thumb/v7-m/libgcc.a(_arm_fixdfsi.o)
 .ARM.attributes
                0x000000000000019f       0x1d /usr/bin/../lib/gcc/arm-none-eabi/7.3.1/thumb/v7-m/libgcc.a(_arm_addsubsf3.o)
 .ARM.attributes
                0x00000000000001bc       0x1d /usr/bin/../lib/gcc/arm-none-eabi/7.3.1/thumb/v7-m/libgcc.a(_arm_muldivsf3.o)
 .ARM.attributes
                0x00000000000001d9       0x1d /usr/bin/../lib/gcc/arm-none-eabi/7.3.1/thumb/v7-m/libgcc.a(_arm_fixsfsi.o)
 .ARM.attributes
                0x00000000000001f6       0x1d /usr/bin/../lib/gcc/arm-none-eabi/7.3.1/thumb/v7-m/libgcc.a(_aeabi_uldivmod.o)
 .ARM.attributes
                0x0000000000000213       0x2d /usr/bin/../lib/gcc/arm-none-eabi/7.3.1/thumb/v7-m/libgcc.a(_udivmoddi4.o)
 .ARM.attributes
                0x0000000000000240       0x1d /usr/bin/../lib/gcc/arm-none-eabi/7.3.1/thumb/v7-m/libgcc.a(_dvmd_tls.o)
 .ARM.attributes
                0x000000000000025d       0x2d /usr/bin/../lib/gcc/arm-none-eabi/7.3.1/../../../../arm-none-eabi/lib/thumb/v7-m/libc.a(lib_a-rand.o)
 .ARM.attributes
                0x000000000000028a       0x2d /usr/bin/../lib/gcc/arm-none-eabi/7.3.1/../../../../arm-none-eabi/lib/thumb/v7-m/libc.a(lib_a-impure.o)

/DISCARD/
 *(.note.GNU-stack)
                [!provide]                        PROVIDE (__text_size = (__text_end - __text_start))
                [!provide]                        PROVIDE (__exidx_size = (__exidx_end - __exidx_start))
                [!provide]                        PROVIDE (__bss_size = (__bss_end - __bss_start))
                [!provide]                        PROVIDE (__stack_size = (__stack_end - __stack_start))
                [!provide]                        PROVIDE (__heap_size = (__heap_end - __heap_start))
OUTPUT(main.elf elf32-littlearm)
